Archive member included to satisfy reference by file (symbol)

C:/ST/STM32CubeCLT_1.16.0/GNU-tools-for-STM32/bin/../lib/gcc/arm-none-eabi/12.3.1/../../../../arm-none-eabi/lib/thumb/v7e-m+fp/hard\libc_nano.a(libc_a-exit.o)
                              C:/ST/STM32CubeCLT_1.16.0/GNU-tools-for-STM32/bin/../lib/gcc/arm-none-eabi/12.3.1/../../../../arm-none-eabi/lib/thumb/v7e-m+fp/hard/crt0.o (exit)
C:/ST/STM32CubeCLT_1.16.0/GNU-tools-for-STM32/bin/../lib/gcc/arm-none-eabi/12.3.1/../../../../arm-none-eabi/lib/thumb/v7e-m+fp/hard\libc_nano.a(libc_a-findfp.o)
                              C:/ST/STM32CubeCLT_1.16.0/GNU-tools-for-STM32/bin/../lib/gcc/arm-none-eabi/12.3.1/../../../../arm-none-eabi/lib/thumb/v7e-m+fp/hard\libc_nano.a(libc_a-exit.o) (__stdio_exit_handler)
C:/ST/STM32CubeCLT_1.16.0/GNU-tools-for-STM32/bin/../lib/gcc/arm-none-eabi/12.3.1/../../../../arm-none-eabi/lib/thumb/v7e-m+fp/hard\libc_nano.a(libc_a-fwalk.o)
                              C:/ST/STM32CubeCLT_1.16.0/GNU-tools-for-STM32/bin/../lib/gcc/arm-none-eabi/12.3.1/../../../../arm-none-eabi/lib/thumb/v7e-m+fp/hard\libc_nano.a(libc_a-findfp.o) (_fwalk_sglue)
C:/ST/STM32CubeCLT_1.16.0/GNU-tools-for-STM32/bin/../lib/gcc/arm-none-eabi/12.3.1/../../../../arm-none-eabi/lib/thumb/v7e-m+fp/hard\libc_nano.a(libc_a-stdio.o)
                              C:/ST/STM32CubeCLT_1.16.0/GNU-tools-for-STM32/bin/../lib/gcc/arm-none-eabi/12.3.1/../../../../arm-none-eabi/lib/thumb/v7e-m+fp/hard\libc_nano.a(libc_a-findfp.o) (__sread)
C:/ST/STM32CubeCLT_1.16.0/GNU-tools-for-STM32/bin/../lib/gcc/arm-none-eabi/12.3.1/../../../../arm-none-eabi/lib/thumb/v7e-m+fp/hard\libc_nano.a(libc_a-memset.o)
                              C:/ST/STM32CubeCLT_1.16.0/GNU-tools-for-STM32/bin/../lib/gcc/arm-none-eabi/12.3.1/../../../../arm-none-eabi/lib/thumb/v7e-m+fp/hard/crt0.o (memset)
C:/ST/STM32CubeCLT_1.16.0/GNU-tools-for-STM32/bin/../lib/gcc/arm-none-eabi/12.3.1/../../../../arm-none-eabi/lib/thumb/v7e-m+fp/hard\libc_nano.a(libc_a-closer.o)
                              C:/ST/STM32CubeCLT_1.16.0/GNU-tools-for-STM32/bin/../lib/gcc/arm-none-eabi/12.3.1/../../../../arm-none-eabi/lib/thumb/v7e-m+fp/hard\libc_nano.a(libc_a-stdio.o) (_close_r)
C:/ST/STM32CubeCLT_1.16.0/GNU-tools-for-STM32/bin/../lib/gcc/arm-none-eabi/12.3.1/../../../../arm-none-eabi/lib/thumb/v7e-m+fp/hard\libc_nano.a(libc_a-reent.o)
                              C:/ST/STM32CubeCLT_1.16.0/GNU-tools-for-STM32/bin/../lib/gcc/arm-none-eabi/12.3.1/../../../../arm-none-eabi/lib/thumb/v7e-m+fp/hard\libc_nano.a(libc_a-closer.o) (errno)
C:/ST/STM32CubeCLT_1.16.0/GNU-tools-for-STM32/bin/../lib/gcc/arm-none-eabi/12.3.1/../../../../arm-none-eabi/lib/thumb/v7e-m+fp/hard\libc_nano.a(libc_a-impure.o)
                              C:/ST/STM32CubeCLT_1.16.0/GNU-tools-for-STM32/bin/../lib/gcc/arm-none-eabi/12.3.1/../../../../arm-none-eabi/lib/thumb/v7e-m+fp/hard\libc_nano.a(libc_a-reent.o) (_impure_ptr)
C:/ST/STM32CubeCLT_1.16.0/GNU-tools-for-STM32/bin/../lib/gcc/arm-none-eabi/12.3.1/../../../../arm-none-eabi/lib/thumb/v7e-m+fp/hard\libc_nano.a(libc_a-lseekr.o)
                              C:/ST/STM32CubeCLT_1.16.0/GNU-tools-for-STM32/bin/../lib/gcc/arm-none-eabi/12.3.1/../../../../arm-none-eabi/lib/thumb/v7e-m+fp/hard\libc_nano.a(libc_a-stdio.o) (_lseek_r)
C:/ST/STM32CubeCLT_1.16.0/GNU-tools-for-STM32/bin/../lib/gcc/arm-none-eabi/12.3.1/../../../../arm-none-eabi/lib/thumb/v7e-m+fp/hard\libc_nano.a(libc_a-readr.o)
                              C:/ST/STM32CubeCLT_1.16.0/GNU-tools-for-STM32/bin/../lib/gcc/arm-none-eabi/12.3.1/../../../../arm-none-eabi/lib/thumb/v7e-m+fp/hard\libc_nano.a(libc_a-stdio.o) (_read_r)
C:/ST/STM32CubeCLT_1.16.0/GNU-tools-for-STM32/bin/../lib/gcc/arm-none-eabi/12.3.1/../../../../arm-none-eabi/lib/thumb/v7e-m+fp/hard\libc_nano.a(libc_a-writer.o)
                              C:/ST/STM32CubeCLT_1.16.0/GNU-tools-for-STM32/bin/../lib/gcc/arm-none-eabi/12.3.1/../../../../arm-none-eabi/lib/thumb/v7e-m+fp/hard\libc_nano.a(libc_a-stdio.o) (_write_r)
C:/ST/STM32CubeCLT_1.16.0/GNU-tools-for-STM32/bin/../lib/gcc/arm-none-eabi/12.3.1/../../../../arm-none-eabi/lib/thumb/v7e-m+fp/hard\libc_nano.a(libc_a-init.o)
                              C:/ST/STM32CubeCLT_1.16.0/GNU-tools-for-STM32/bin/../lib/gcc/arm-none-eabi/12.3.1/../../../../arm-none-eabi/lib/thumb/v7e-m+fp/hard/crt0.o (__libc_init_array)
C:/ST/STM32CubeCLT_1.16.0/GNU-tools-for-STM32/bin/../lib/gcc/arm-none-eabi/12.3.1/../../../../arm-none-eabi/lib/thumb/v7e-m+fp/hard\libc_nano.a(libc_a-lock.o)
                              C:/ST/STM32CubeCLT_1.16.0/GNU-tools-for-STM32/bin/../lib/gcc/arm-none-eabi/12.3.1/../../../../arm-none-eabi/lib/thumb/v7e-m+fp/hard\libc_nano.a(libc_a-findfp.o) (__retarget_lock_init_recursive)
C:/ST/STM32CubeCLT_1.16.0/GNU-tools-for-STM32/bin/../lib/gcc/arm-none-eabi/12.3.1/../../../../arm-none-eabi/lib/thumb/v7e-m+fp/hard\libc_nano.a(libc_a-freer.o)
[...]
Memory Configuration

Name             Origin             Length             Attributes
RAM              0x20000000         0x00020000         xrw
FLASH            0x08000000         0x00080000         xr
*default*        0x00000000         0xffffffff

Linker script and memory map

LOAD C:/ST/STM32CubeCLT_1.16.0/GNU-tools-for-STM32/bin/../lib/gcc/arm-none-eabi/12.3.1/thumb/v7e-m+fp/hard/crti.o
LOAD C:/ST/STM32CubeCLT_1.16.0/GNU-tools-for-STM32/bin/../lib/gcc/arm-none-eabi/12.3.1/thumb/v7e-m+fp/hard/crtbegin.o
LOAD C:/ST/STM32CubeCLT_1.16.0/GNU-tools-for-STM32/bin/../lib/gcc/arm-none-eabi/12.3.1/../../../../arm-none-eabi/lib/thumb/v7e-m+fp/hard/crt0.o
START GROUP
LOAD C:/ST/STM32CubeCLT_1.16.0/GNU-tools-for-STM32/bin/../lib/gcc/arm-none-eabi/12.3.1/../../../../arm-none-eabi/lib/thumb/v7e-m+fp/hard\libc_nano.a
LOAD C:/ST/STM32CubeCLT_1.16.0/GNU-tools-for-STM32/bin/../lib/gcc/arm-none-eabi/12.3.1/../../../../arm-none-eabi/lib/thumb/v7e-m+fp/hard\libm.a
END GROUP
LOAD CMakeFiles/Proj_Ok.dir/Core/Src/main.c.obj
LOAD CMakeFiles/Proj_Ok.dir/Core/Src/stm32f4xx_it.c.obj
LOAD CMakeFiles/Proj_Ok.dir/Core/Src/stm32f4xx_hal_msp.c.obj
LOAD CMakeFiles/Proj_Ok.dir/Drivers/STM32F4xx_HAL_Driver/Src/stm32f4xx_hal_tim.c.obj
LOAD CMakeFiles/Proj_Ok.dir/Drivers/STM32F4xx_HAL_Driver/Src/stm32f4xx_hal_tim_ex.c.obj
LOAD CMakeFiles/Proj_Ok.dir/Drivers/STM32F4xx_HAL_Driver/Src/stm32f4xx_hal_rcc.c.obj
LOAD CMakeFiles/Proj_Ok.dir/Drivers/STM32F4xx_HAL_Driver/Src/stm32f4xx_hal_rcc_ex.c.obj
LOAD CMakeFiles/Proj_Ok.dir/Drivers/STM32F4xx_HAL_Driver/Src/stm32f4xx_hal_flash.c.obj
LOAD CMakeFiles/Proj_Ok.dir/Drivers/STM32F4xx_HAL_Driver/Src/stm32f4xx_hal_flash_ex.c.obj
LOAD CMakeFiles/Proj_Ok.dir/Drivers/STM32F4xx_HAL_Driver/Src/stm32f4xx_hal_flash_ramfunc.c.obj
LOAD CMakeFiles/Proj_Ok.dir/Drivers/STM32F4xx_HAL_Driver/Src/stm32f4xx_hal_gpio.c.obj
LOAD CMakeFiles/Proj_Ok.dir/Drivers/STM32F4xx_HAL_Driver/Src/stm32f4xx_hal_dma_ex.c.obj
LOAD CMakeFiles/Proj_Ok.dir/Drivers/STM32F4xx_HAL_Driver/Src/stm32f4xx_hal_dma.c.obj
LOAD CMakeFiles/Proj_Ok.dir/Drivers/STM32F4xx_HAL_Driver/Src/stm32f4xx_hal_pwr.c.obj
LOAD CMakeFiles/Proj_Ok.dir/Drivers/STM32F4xx_HAL_Driver/Src/stm32f4xx_hal_pwr_ex.c.obj
LOAD CMakeFiles/Proj_Ok.dir/Drivers/STM32F4xx_HAL_Driver/Src/stm32f4xx_hal_cortex.c.obj
LOAD CMakeFiles/Proj_Ok.dir/Drivers/STM32F4xx_HAL_Driver/Src/stm32f4xx_hal.c.obj
LOAD CMakeFiles/Proj_Ok.dir/Drivers/STM32F4xx_HAL_Driver/Src/stm32f4xx_hal_exti.c.obj
LOAD CMakeFiles/Proj_Ok.dir/Core/Src/system_stm32f4xx.c.obj
LOAD CMakeFiles/Proj_Ok.dir/Core/Src/sysmem.c.obj
LOAD CMakeFiles/Proj_Ok.dir/Core/Src/syscalls.c.obj
LOAD CMakeFiles/Proj_Ok.dir/startup_stm32f411xe.s.obj
START GROUP
LOAD C:/ST/STM32CubeCLT_1.16.0/GNU-tools-for-STM32/bin/../lib/gcc/arm-none-eabi/12.3.1/thumb/v7e-m+fp/hard\libgcc.a
LOAD C:/ST/STM32CubeCLT_1.16.0/GNU-tools-for-STM32/bin/../lib/gcc/arm-none-eabi/12.3.1/../../../../arm-none-eabi/lib/thumb/v7e-m+fp/hard\libg_nano.a
LOAD C:/ST/STM32CubeCLT_1.16.0/GNU-tools-for-STM32/bin/../lib/gcc/arm-none-eabi/12.3.1/../../../../arm-none-eabi/lib/thumb/v7e-m+fp/hard\libc_nano.a
END GROUP
START GROUP
LOAD C:/ST/STM32CubeCLT_1.16.0/GNU-tools-for-STM32/bin/../lib/gcc/arm-none-eabi/12.3.1/thumb/v7e-m+fp/hard\libgcc.a
LOAD C:/ST/STM32CubeCLT_1.16.0/GNU-tools-for-STM32/bin/../lib/gcc/arm-none-eabi/12.3.1/../../../../arm-none-eabi/lib/thumb/v7e-m+fp/hard\libc_nano.a
END GROUP
LOAD C:/ST/STM32CubeCLT_1.16.0/GNU-tools-for-STM32/bin/../lib/gcc/arm-none-eabi/12.3.1/thumb/v7e-m+fp/hard/crtend.o
LOAD C:/ST/STM32CubeCLT_1.16.0/GNU-tools-for-STM32/bin/../lib/gcc/arm-none-eabi/12.3.1/thumb/v7e-m+fp/hard/crtn.o
                0x20020000                        _estack = (ORIGIN (RAM) + LENGTH (RAM))
                0x00000200                        _Min_Heap_Size = 0x200
                0x00000400                        _Min_Stack_Size = 0x400

.isr_vector     0x08000000      0x198
                0x08000000                        . = ALIGN (0x4)
 *(.isr_vector)
 .isr_vector    0x08000000      0x198 CMakeFiles/Proj_Ok.dir/startup_stm32f411xe.s.obj
                0x08000000                g_pfnVectors
                0x08000198                        . = ALIGN (0x4)

.text           0x08000198     0x2558
                0x08000198                        . = ALIGN (0x4)
 *(.text)
 .text          0x08000198       0x40 C:/ST/STM32CubeCLT_1.16.0/GNU-tools-for-STM32/bin/../lib/gcc/arm-none-eabi/12.3.1/thumb/v7e-m+fp/hard/crtbegin.o
 .text          0x080001d8      0x378 C:/ST/STM32CubeCLT_1.16.0/GNU-tools-for-STM32/bin/../lib/gcc/arm-none-eabi/12.3.1/thumb/v7e-m+fp/hard\libgcc.a(_arm_addsubdf3.o)
                0x080001d8                __aeabi_drsub
                0x080001e0                __aeabi_dsub
                0x080001e0                __subdf3
                0x080001e4                __aeabi_dadd
                0x080001e4                __adddf3
                0x0800045c                __floatunsidf
                0x0800045c                __aeabi_ui2d
                0x0800047c                __floatsidf
                0x0800047c                __aeabi_i2d
                0x080004a0                __aeabi_f2d
                0x080004a0                __extendsfdf2
                0x080004e4                __floatundidf
                0x080004e4                __aeabi_ul2d
                0x080004f4                __floatdidf
                0x080004f4                __aeabi_l2d
 .text          0x08000550      0x424 C:/ST/STM32CubeCLT_1.16.0/GNU-tools-for-STM32/bin/../lib/gcc/arm-none-eabi/12.3.1/thumb/v7e-m+fp/hard\libgcc.a(_arm_muldivdf3.o)
                0x08000550                __aeabi_dmul
                0x08000550                __muldf3
                0x080007a4                __divdf3
                0x080007a4                __aeabi_ddiv
 .text          0x08000974       0x40 C:/ST/STM32CubeCLT_1.16.0/GNU-tools-for-STM32/bin/../lib/gcc/arm-none-eabi/12.3.1/thumb/v7e-m+fp/hard\libgcc.a(_arm_fixunsdfsi.o)
                0x08000974                __aeabi_d2uiz
                0x08000974                __fixunsdfsi
 .text          0x080009b4       0x30 C:/ST/STM32CubeCLT_1.16.0/GNU-tools-for-STM32/bin/../lib/gcc/arm-none-eabi/12.3.1/thumb/v7e-m+fp/hard\libgcc.a(_aeabi_uldivmod.o)
                0x080009b4                __aeabi_uldivmod
 .text          0x080009e4      0x2bc C:/ST/STM32CubeCLT_1.16.0/GNU-tools-for-STM32/bin/../lib/gcc/arm-none-eabi/12.3.1/thumb/v7e-m+fp/hard\libgcc.a(_udivmoddi4.o)
                0x080009e4                __udivmoddi4
 .text          0x08000ca0        0x4 C:/ST/STM32CubeCLT_1.16.0/GNU-tools-for-STM32/bin/../lib/gcc/arm-none-eabi/12.3.1/thumb/v7e-m+fp/hard\libgcc.a(_dvmd_tls.o)
                0x08000ca0                __aeabi_idiv0
                0x08000ca0                __aeabi_ldiv0
 *(.text*)
 .text.memset   0x08000ca4       0x10 C:/ST/STM32CubeCLT_1.16.0/GNU-tools-for-STM32/bin/../lib/gcc/arm-none-eabi/12.3.1/../../../../arm-none-eabi/lib/thumb/v7e-m+fp/hard\libc_nano.a(libc_a-memset.o)
                0x08000ca4                memset
 .text.__libc_init_array
                0x08000cb4       0x48 C:/ST/STM32CubeCLT_1.16.0/GNU-tools-for-STM32/bin/../lib/gcc/arm-none-eabi/12.3.1/../../../../arm-none-eabi/lib/thumb/v7e-m+fp/hard\libc_nano.a(libc_a-init.o)
                0x08000cb4                __libc_init_array
 *fill*         0x08000cfc        0x4 
 .text.main     0x08000d00      0x160 CMakeFiles/Proj_Ok.dir/Core/Src/main.c.obj
                0x08000d00                main
 .text.SystemClock_Config
                0x08000e60       0xd0 CMakeFiles/Proj_Ok.dir/Core/Src/main.c.obj
                0x08000e60                SystemClock_Config
 .text.MX_TIM1_Init
                0x08000f30       0xa0 CMakeFiles/Proj_Ok.dir/Core/Src/main.c.obj
 .text.MX_GPIO_Init
                0x08000fd0       0xa4 CMakeFiles/Proj_Ok.dir/Core/Src/main.c.obj
 .text.Error_Handler
                0x08001074        0xc CMakeFiles/Proj_Ok.dir/Core/Src/main.c.obj
                0x08001074                Error_Handler
 .text.NMI_Handler
                0x08001080        0x8 CMakeFiles/Proj_Ok.dir/Core/Src/stm32f4xx_it.c.obj
                0x08001080                NMI_Handler
 .text.HardFault_Handler
                0x08001088        0x8 CMakeFiles/Proj_Ok.dir/Core/Src/stm32f4xx_it.c.obj
                0x08001088                HardFault_Handler
 .text.MemManage_Handler
                0x08001090        0x8 CMakeFiles/Proj_Ok.dir/Core/Src/stm32f4xx_it.c.obj
                0x08001090                MemManage_Handler
 .text.BusFault_Handler
                0x08001098        0x8 CMakeFiles/Proj_Ok.dir/Core/Src/stm32f4xx_it.c.obj
                0x08001098                BusFault_Handler
 .text.UsageFault_Handler
                0x080010a0        0x8 CMakeFiles/Proj_Ok.dir/Core/Src/stm32f4xx_it.c.obj
                0x080010a0                UsageFault_Handler
 .text.SVC_Handler
                0x080010a8        0xe CMakeFiles/Proj_Ok.dir/Core/Src/stm32f4xx_it.c.obj
                0x080010a8                SVC_Handler
 .text.DebugMon_Handler
                0x080010b6        0xe CMakeFiles/Proj_Ok.dir/Core/Src/stm32f4xx_it.c.obj
                0x080010b6                DebugMon_Handler
 .text.PendSV_Handler
                0x080010c4        0xe CMakeFiles/Proj_Ok.dir/Core/Src/stm32f4xx_it.c.obj
                0x080010c4                PendSV_Handler
 .text.SysTick_Handler
                0x080010d2        0xc CMakeFiles/Proj_Ok.dir/Core/Src/stm32f4xx_it.c.obj
                0x080010d2                SysTick_Handler
 *fill*         0x080010de        0x2 
 .text.HAL_MspInit
                0x080010e0       0x50 CMakeFiles/Proj_Ok.dir/Core/Src/stm32f4xx_hal_msp.c.obj
                0x080010e0                HAL_MspInit
 .text.HAL_TIM_Base_MspInit
                0x08001130       0x44 CMakeFiles/Proj_Ok.dir/Core/Src/stm32f4xx_hal_msp.c.obj
                0x08001130                HAL_TIM_Base_MspInit
 .text.HAL_TIM_Base_Init
                0x08001174       0x9e CMakeFiles/Proj_Ok.dir/Drivers/STM32F4xx_HAL_Driver/Src/stm32f4xx_hal_tim.c.obj
                0x08001174                HAL_TIM_Base_Init
 *fill*         0x08001212        0x2 
 .text.HAL_TIM_Base_Start
                0x08001214       0xb4 CMakeFiles/Proj_Ok.dir/Drivers/STM32F4xx_HAL_Driver/Src/stm32f4xx_hal_tim.c.obj
                0x08001214                HAL_TIM_Base_Start
 .text.HAL_TIM_ConfigClockSource
                0x080012c8      0x18e CMakeFiles/Proj_Ok.dir/Drivers/STM32F4xx_HAL_Driver/Src/stm32f4xx_hal_tim.c.obj
                0x080012c8                HAL_TIM_ConfigClockSource
 *fill*         0x08001456        0x2 
 .text.TIM_Base_SetConfig
                0x08001458      0x118 CMakeFiles/Proj_Ok.dir/Drivers/STM32F4xx_HAL_Driver/Src/stm32f4xx_hal_tim.c.obj
                0x08001458                TIM_Base_SetConfig
 .text.TIM_TI1_ConfigInputStage
                0x08001570       0x5e CMakeFiles/Proj_Ok.dir/Drivers/STM32F4xx_HAL_Driver/Src/stm32f4xx_hal_tim.c.obj
 .text.TIM_TI2_ConfigInputStage
                0x080015ce       0x60 CMakeFiles/Proj_Ok.dir/Drivers/STM32F4xx_HAL_Driver/Src/stm32f4xx_hal_tim.c.obj
 .text.TIM_ITRx_SetConfig
                0x0800162e       0x36 CMakeFiles/Proj_Ok.dir/Drivers/STM32F4xx_HAL_Driver/Src/stm32f4xx_hal_tim.c.obj
 .text.TIM_ETR_SetConfig
                0x08001664       0x40 CMakeFiles/Proj_Ok.dir/Drivers/STM32F4xx_HAL_Driver/Src/stm32f4xx_hal_tim.c.obj
                0x08001664                TIM_ETR_SetConfig
 .text.HAL_TIMEx_MasterConfigSynchronization
                0x080016a4       0xdc CMakeFiles/Proj_Ok.dir/Drivers/STM32F4xx_HAL_Driver/Src/stm32f4xx_hal_tim_ex.c.obj
                0x080016a4                HAL_TIMEx_MasterConfigSynchronization
 .text.HAL_RCC_OscConfig
                0x08001780      0x4f0 CMakeFiles/Proj_Ok.dir/Drivers/STM32F4xx_HAL_Driver/Src/stm32f4xx_hal_rcc.c.obj
                0x08001780                HAL_RCC_OscConfig
 .text.HAL_RCC_ClockConfig
                0x08001c70      0x1cc CMakeFiles/Proj_Ok.dir/Drivers/STM32F4xx_HAL_Driver/Src/stm32f4xx_hal_rcc.c.obj
                0x08001c70                HAL_RCC_ClockConfig
 .text.HAL_RCC_GetSysClockFreq
                0x08001e3c      0x18c CMakeFiles/Proj_Ok.dir/Drivers/STM32F4xx_HAL_Driver/Src/stm32f4xx_hal_rcc.c.obj
                0x08001e3c                HAL_RCC_GetSysClockFreq
 .text.HAL_GPIO_Init
                0x08001fc8      0x308 CMakeFiles/Proj_Ok.dir/Drivers/STM32F4xx_HAL_Driver/Src/stm32f4xx_hal_gpio.c.obj
                0x08001fc8                HAL_GPIO_Init
 .text.HAL_GPIO_ReadPin
                0x080022d0       0x30 CMakeFiles/Proj_Ok.dir/Drivers/STM32F4xx_HAL_Driver/Src/stm32f4xx_hal_gpio.c.obj
                0x080022d0                HAL_GPIO_ReadPin
 .text.HAL_GPIO_WritePin
                0x08002300       0x32 CMakeFiles/Proj_Ok.dir/Drivers/STM32F4xx_HAL_Driver/Src/stm32f4xx_hal_gpio.c.obj
                0x08002300                HAL_GPIO_WritePin
 .text.HAL_GPIO_TogglePin
                0x08002332       0x34 CMakeFiles/Proj_Ok.dir/Drivers/STM32F4xx_HAL_Driver/Src/stm32f4xx_hal_gpio.c.obj
                0x08002332                HAL_GPIO_TogglePin
 *fill*         0x08002366        0x2 
 .text.__NVIC_SetPriorityGrouping
                0x08002368       0x48 CMakeFiles/Proj_Ok.dir/Drivers/STM32F4xx_HAL_Driver/Src/stm32f4xx_hal_cortex.c.obj
 .text.__NVIC_GetPriorityGrouping
                0x080023b0       0x1c CMakeFiles/Proj_Ok.dir/Drivers/STM32F4xx_HAL_Driver/Src/stm32f4xx_hal_cortex.c.obj
 .text.__NVIC_SetPriority
                0x080023cc       0x54 CMakeFiles/Proj_Ok.dir/Drivers/STM32F4xx_HAL_Driver/Src/stm32f4xx_hal_cortex.c.obj
 .text.NVIC_EncodePriority
                0x08002420       0x66 CMakeFiles/Proj_Ok.dir/Drivers/STM32F4xx_HAL_Driver/Src/stm32f4xx_hal_cortex.c.obj
 *fill*         0x08002486        0x2 
 .text.SysTick_Config
                0x08002488       0x44 CMakeFiles/Proj_Ok.dir/Drivers/STM32F4xx_HAL_Driver/Src/stm32f4xx_hal_cortex.c.obj
 .text.HAL_NVIC_SetPriorityGrouping
                0x080024cc       0x16 CMakeFiles/Proj_Ok.dir/Drivers/STM32F4xx_HAL_Driver/Src/stm32f4xx_hal_cortex.c.obj
                0x080024cc                HAL_NVIC_SetPriorityGrouping
 .text.HAL_NVIC_SetPriority
                0x080024e2       0x38 CMakeFiles/Proj_Ok.dir/Drivers/STM32F4xx_HAL_Driver/Src/stm32f4xx_hal_cortex.c.obj
                0x080024e2                HAL_NVIC_SetPriority
 .text.HAL_SYSTICK_Config
                0x0800251a       0x18 CMakeFiles/Proj_Ok.dir/Drivers/STM32F4xx_HAL_Driver/Src/stm32f4xx_hal_cortex.c.obj
                0x0800251a                HAL_SYSTICK_Config
 *fill*         0x08002532        0x2 
 .text.HAL_Init
                0x08002534       0x44 CMakeFiles/Proj_Ok.dir/Drivers/STM32F4xx_HAL_Driver/Src/stm32f4xx_hal.c.obj
                0x08002534                HAL_Init
 .text.HAL_InitTick
                0x08002578       0x60 CMakeFiles/Proj_Ok.dir/Drivers/STM32F4xx_HAL_Driver/Src/stm32f4xx_hal.c.obj
                0x08002578                HAL_InitTick
 .text.HAL_IncTick
                0x080025d8       0x28 CMakeFiles/Proj_Ok.dir/Drivers/STM32F4xx_HAL_Driver/Src/stm32f4xx_hal.c.obj
                0x080025d8                HAL_IncTick
 .text.HAL_GetTick
                0x08002600       0x18 CMakeFiles/Proj_Ok.dir/Drivers/STM32F4xx_HAL_Driver/Src/stm32f4xx_hal.c.obj
                0x08002600                HAL_GetTick
 .text.HAL_Delay
                0x08002618       0x48 CMakeFiles/Proj_Ok.dir/Drivers/STM32F4xx_HAL_Driver/Src/stm32f4xx_hal.c.obj
                0x08002618                HAL_Delay
 .text.SystemInit
                0x08002660       0x24 CMakeFiles/Proj_Ok.dir/Core/Src/system_stm32f4xx.c.obj
                0x08002660                SystemInit
 .text.Reset_Handler
                0x08002684       0x50 CMakeFiles/Proj_Ok.dir/startup_stm32f411xe.s.obj
                0x08002684                Reset_Handler
 .text.Default_Handler
                0x080026d4        0x2 CMakeFiles/Proj_Ok.dir/startup_stm32f411xe.s.obj
                0x080026d4                RTC_Alarm_IRQHandler
                0x080026d4                EXTI2_IRQHandler
                0x080026d4                SPI4_IRQHandler
                0x080026d4                TIM1_CC_IRQHandler
                0x080026d4                DMA2_Stream5_IRQHandler
                0x080026d4                DMA1_Stream5_IRQHandler
                0x080026d4                PVD_IRQHandler
                0x080026d4                SDIO_IRQHandler
                0x080026d4                TAMP_STAMP_IRQHandler
                0x080026d4                EXTI3_IRQHandler
                0x080026d4                TIM1_UP_TIM10_IRQHandler
                0x080026d4                I2C3_ER_IRQHandler
                0x080026d4                EXTI0_IRQHandler
                0x080026d4                I2C2_EV_IRQHandler
                0x080026d4                DMA1_Stream2_IRQHandler
                0x080026d4                FPU_IRQHandler
                0x080026d4                DMA2_Stream2_IRQHandler
                0x080026d4                SPI1_IRQHandler
                0x080026d4                TIM1_BRK_TIM9_IRQHandler
                0x080026d4                DMA2_Stream3_IRQHandler
                0x080026d4                USART6_IRQHandler
                0x080026d4                DMA2_Stream0_IRQHandler
                0x080026d4                TIM4_IRQHandler
                0x080026d4                I2C1_EV_IRQHandler
                0x080026d4                DMA1_Stream6_IRQHandler
                0x080026d4                DMA1_Stream1_IRQHandler
                0x080026d4                TIM3_IRQHandler
                0x080026d4                RCC_IRQHandler
                0x080026d4                Default_Handler
                0x080026d4                EXTI15_10_IRQHandler
                0x080026d4                ADC_IRQHandler
                0x080026d4                DMA1_Stream7_IRQHandler
                0x080026d4                SPI5_IRQHandler
                0x080026d4                TIM5_IRQHandler
                0x080026d4                DMA2_Stream7_IRQHandler
                0x080026d4                I2C3_EV_IRQHandler
                0x080026d4                EXTI9_5_IRQHandler
                0x080026d4                RTC_WKUP_IRQHandler
                0x080026d4                SPI2_IRQHandler
                0x080026d4                DMA1_Stream0_IRQHandler
                0x080026d4                EXTI4_IRQHandler
                0x080026d4                WWDG_IRQHandler
                0x080026d4                TIM2_IRQHandler
                0x080026d4                OTG_FS_WKUP_IRQHandler
                0x080026d4                TIM1_TRG_COM_TIM11_IRQHandler
                0x080026d4                EXTI1_IRQHandler
                0x080026d4                USART2_IRQHandler
                0x080026d4                I2C2_ER_IRQHandler
                0x080026d4                DMA2_Stream1_IRQHandler
                0x080026d4                FLASH_IRQHandler
                0x080026d4                DMA2_Stream4_IRQHandler
                0x080026d4                USART1_IRQHandler
                0x080026d4                OTG_FS_IRQHandler
                0x080026d4                SPI3_IRQHandler
                0x080026d4                DMA1_Stream4_IRQHandler
                0x080026d4                I2C1_ER_IRQHandler
                0x080026d4                DMA2_Stream6_IRQHandler
                0x080026d4                DMA1_Stream3_IRQHandler
 *(.glue_7)
 .glue_7        0x080026d6        0x0 linker stubs
 *(.glue_7t)
 .glue_7t       0x080026d6        0x0 linker stubs
 *(.eh_frame)
 *fill*         0x080026d6        0x2 
 .eh_frame      0x080026d8        0x0 C:/ST/STM32CubeCLT_1.16.0/GNU-tools-for-STM32/bin/../lib/gcc/arm-none-eabi/12.3.1/thumb/v7e-m+fp/hard/crtbegin.o
 *(.init)
 .init          0x080026d8        0x4 C:/ST/STM32CubeCLT_1.16.0/GNU-tools-for-STM32/bin/../lib/gcc/arm-none-eabi/12.3.1/thumb/v7e-m+fp/hard/crti.o
                0x080026d8                _init
 .init          0x080026dc        0x8 C:/ST/STM32CubeCLT_1.16.0/GNU-tools-for-STM32/bin/../lib/gcc/arm-none-eabi/12.3.1/thumb/v7e-m+fp/hard/crtn.o
 *(.fini)
 .fini          0x080026e4        0x4 C:/ST/STM32CubeCLT_1.16.0/GNU-tools-for-STM32/bin/../lib/gcc/arm-none-eabi/12.3.1/thumb/v7e-m+fp/hard/crti.o
                0x080026e4                _fini
 .fini          0x080026e8        0x8 C:/ST/STM32CubeCLT_1.16.0/GNU-tools-for-STM32/bin/../lib/gcc/arm-none-eabi/12.3.1/thumb/v7e-m+fp/hard/crtn.o
                0x080026f0                        . = ALIGN (0x4)
                0x080026f0                        _etext = .

.vfp11_veneer   0x080026f0        0x0
 .vfp11_veneer  0x080026f0        0x0 linker stubs

.v4_bx          0x080026f0        0x0
 .v4_bx         0x080026f0        0x0 linker stubs

.iplt           0x080026f0        0x0
 .iplt          0x080026f0        0x0 C:/ST/STM32CubeCLT_1.16.0/GNU-tools-for-STM32/bin/../lib/gcc/arm-none-eabi/12.3.1/thumb/v7e-m+fp/hard/crtbegin.o

.rodata         0x080026f0       0x10
                0x080026f0                        . = ALIGN (0x4)
 *(.rodata)
 *(.rodata*)
 .rodata.AHBPrescTable
                0x080026f0       0x10 CMakeFiles/Proj_Ok.dir/Core/Src/system_stm32f4xx.c.obj
                0x080026f0                AHBPrescTable
                0x08002700                        . = ALIGN (0x4)

.ARM.extab
 *(.ARM.extab* .gnu.linkonce.armextab.*)

.ARM            0x08002700        0x8
                0x08002700                        __exidx_start = .
 *(.ARM.exidx*)
 .ARM.exidx     0x08002700        0x8 C:/ST/STM32CubeCLT_1.16.0/GNU-tools-for-STM32/bin/../lib/gcc/arm-none-eabi/12.3.1/thumb/v7e-m+fp/hard\libgcc.a(_udivmoddi4.o)
                0x08002708                        __exidx_end = .

.rel.dyn        0x08002708        0x0
 .rel.iplt      0x08002708        0x0 C:/ST/STM32CubeCLT_1.16.0/GNU-tools-for-STM32/bin/../lib/gcc/arm-none-eabi/12.3.1/thumb/v7e-m+fp/hard/crtbegin.o

.preinit_array  0x08002708        0x0
                0x08002708                        PROVIDE (__preinit_array_start = .)
 *(.preinit_array*)
                0x08002708                        PROVIDE (__preinit_array_end = .)

.init_array     0x08002708        0x4
                0x08002708                        PROVIDE (__init_array_start = .)
 *(SORT_BY_NAME(.init_array.*))
 *(.init_array*)
 .init_array    0x08002708        0x4 C:/ST/STM32CubeCLT_1.16.0/GNU-tools-for-STM32/bin/../lib/gcc/arm-none-eabi/12.3.1/thumb/v7e-m+fp/hard/crtbegin.o
                0x0800270c                        PROVIDE (__init_array_end = .)

.fini_array     0x0800270c        0x4
                [!provide]                        PROVIDE (__fini_array_start = .)
 *(SORT_BY_NAME(.fini_array.*))
 *(.fini_array*)
 .fini_array    0x0800270c        0x4 C:/ST/STM32CubeCLT_1.16.0/GNU-tools-for-STM32/bin/../lib/gcc/arm-none-eabi/12.3.1/thumb/v7e-m+fp/hard/crtbegin.o
                [!provide]                        PROVIDE (__fini_array_end = .)
                0x08002710                        _sidata = LOADADDR (.data)

.data           0x20000000        0xc load address 0x08002710
                0x20000000                        . = ALIGN (0x4)
                0x20000000                        _sdata = .
 *(.data)
 *(.data*)
 .data.uwTickPrio
                0x20000000        0x4 CMakeFiles/Proj_Ok.dir/Drivers/STM32F4xx_HAL_Driver/Src/stm32f4xx_hal.c.obj
                0x20000000                uwTickPrio
 .data.uwTickFreq
                0x20000004        0x1 CMakeFiles/Proj_Ok.dir/Drivers/STM32F4xx_HAL_Driver/Src/stm32f4xx_hal.c.obj
                0x20000004                uwTickFreq
 *fill*         0x20000005        0x3 
 .data.SystemCoreClock
                0x20000008        0x4 CMakeFiles/Proj_Ok.dir/Core/Src/system_stm32f4xx.c.obj
                0x20000008                SystemCoreClock
                0x2000000c                        . = ALIGN (0x4)
                0x2000000c                        _edata = .

.igot.plt       0x2000000c        0x0 load address 0x0800271c
 .igot.plt      0x2000000c        0x0 C:/ST/STM32CubeCLT_1.16.0/GNU-tools-for-STM32/bin/../lib/gcc/arm-none-eabi/12.3.1/thumb/v7e-m+fp/hard/crtbegin.o
                0x2000000c                        . = ALIGN (0x4)

.bss            0x2000000c       0x78 load address 0x0800271c
                0x2000000c                        _sbss = .
                0x2000000c                        __bss_start__ = _sbss
 *(.bss)
 .bss           0x2000000c       0x1c C:/ST/STM32CubeCLT_1.16.0/GNU-tools-for-STM32/bin/../lib/gcc/arm-none-eabi/12.3.1/thumb/v7e-m+fp/hard/crtbegin.o
 *(.bss*)
 .bss.htim1     0x20000028       0x48 CMakeFiles/Proj_Ok.dir/Core/Src/main.c.obj
                0x20000028                htim1
 .bss.pMillis   0x20000070        0x4 CMakeFiles/Proj_Ok.dir/Core/Src/main.c.obj
                0x20000070                pMillis
 .bss.Value1    0x20000074        0x4 CMakeFiles/Proj_Ok.dir/Core/Src/main.c.obj
                0x20000074                Value1
 .bss.Value2    0x20000078        0x4 CMakeFiles/Proj_Ok.dir/Core/Src/main.c.obj
                0x20000078                Value2
 .bss.Distance  0x2000007c        0x2 CMakeFiles/Proj_Ok.dir/Core/Src/main.c.obj
                0x2000007c                Distance
 *fill*         0x2000007e        0x2 
 .bss.uwTick    0x20000080        0x4 CMakeFiles/Proj_Ok.dir/Drivers/STM32F4xx_HAL_Driver/Src/stm32f4xx_hal.c.obj
                0x20000080                uwTick
 *(COMMON)
                0x20000084                        . = ALIGN (0x4)
                0x20000084                        _ebss = .
                0x20000084                        __bss_end__ = _ebss

._user_heap_stack
                0x20000084      0x604 load address 0x0800271c
                0x20000088                        . = ALIGN (0x8)
 *fill*         0x20000084        0x4 
                [!provide]                        PROVIDE (end = .)
                0x20000088                        PROVIDE (_end = .)
                0x20000288                        . = (. + _Min_Heap_Size)
 *fill*         0x20000088      0x200 
                0x20000688                        . = (. + _Min_Stack_Size)
 *fill*         0x20000288      0x400 
                0x20000688                        . = ALIGN (0x8)

/DISCARD/
 libc.a(*)
 libm.a(*)
 libgcc.a(*)

.ARM.attributes
                0x00000000       0x30
 *(.ARM.attributes)
 .ARM.attributes
                0x00000000       0x22 C:/ST/STM32CubeCLT_1.16.0/GNU-tools-for-STM32/bin/../lib/gcc/arm-none-eabi/12.3.1/thumb/v7e-m+fp/hard/crti.o
 .ARM.attributes
                0x00000022       0x34 C:/ST/STM32CubeCLT_1.16.0/GNU-tools-for-STM32/bin/../lib/gcc/arm-none-eabi/12.3.1/thumb/v7e-m+fp/hard/crtbegin.o
 .ARM.attributes
                0x00000056       0x34 C:/ST/STM32CubeCLT_1.16.0/GNU-tools-for-STM32/bin/../lib/gcc/arm-none-eabi/12.3.1/../../../../arm-none-eabi/lib/thumb/v7e-m+fp/hard\libc_nano.a(libc_a-memset.o)
 .ARM.attributes
                0x0000008a       0x34 C:/ST/STM32CubeCLT_1.16.0/GNU-tools-for-STM32/bin/../lib/gcc/arm-none-eabi/12.3.1/../../../../arm-none-eabi/lib/thumb/v7e-m+fp/hard\libc_nano.a(libc_a-init.o)
 .ARM.attributes
                0x000000be       0x34 CMakeFiles/Proj_Ok.dir/Core/Src/main.c.obj
 .ARM.attributes
                0x000000f2       0x34 CMakeFiles/Proj_Ok.dir/Core/Src/stm32f4xx_it.c.obj
 .ARM.attributes
                0x00000126       0x34 CMakeFiles/Proj_Ok.dir/Core/Src/stm32f4xx_hal_msp.c.obj
 .ARM.attributes
                0x0000015a       0x34 CMakeFiles/Proj_Ok.dir/Drivers/STM32F4xx_HAL_Driver/Src/stm32f4xx_hal_tim.c.obj
 .ARM.attributes
                0x0000018e       0x34 CMakeFiles/Proj_Ok.dir/Drivers/STM32F4xx_HAL_Driver/Src/stm32f4xx_hal_tim_ex.c.obj
 .ARM.attributes
                0x000001c2       0x34 CMakeFiles/Proj_Ok.dir/Drivers/STM32F4xx_HAL_Driver/Src/stm32f4xx_hal_rcc.c.obj
 .ARM.attributes
                0x000001f6       0x34 CMakeFiles/Proj_Ok.dir/Drivers/STM32F4xx_HAL_Driver/Src/stm32f4xx_hal_gpio.c.obj
 .ARM.attributes
                0x0000022a       0x34 CMakeFiles/Proj_Ok.dir/Drivers/STM32F4xx_HAL_Driver/Src/stm32f4xx_hal_cortex.c.obj
 .ARM.attributes
                0x0000025e       0x34 CMakeFiles/Proj_Ok.dir/Drivers/STM32F4xx_HAL_Driver/Src/stm32f4xx_hal.c.obj
 .ARM.attributes
                0x00000292       0x34 CMakeFiles/Proj_Ok.dir/Core/Src/system_stm32f4xx.c.obj
 .ARM.attributes
                0x000002c6       0x21 CMakeFiles/Proj_Ok.dir/startup_stm32f411xe.s.obj
 .ARM.attributes
                0x000002e7       0x22 C:/ST/STM32CubeCLT_1.16.0/GNU-tools-for-STM32/bin/../lib/gcc/arm-none-eabi/12.3.1/thumb/v7e-m+fp/hard\libgcc.a(_arm_addsubdf3.o)
 .ARM.attributes
                0x00000309       0x22 C:/ST/STM32CubeCLT_1.16.0/GNU-tools-for-STM32/bin/../lib/gcc/arm-none-eabi/12.3.1/thumb/v7e-m+fp/hard\libgcc.a(_arm_muldivdf3.o)
 .ARM.attributes
                0x0000032b       0x22 C:/ST/STM32CubeCLT_1.16.0/GNU-tools-for-STM32/bin/../lib/gcc/arm-none-eabi/12.3.1/thumb/v7e-m+fp/hard\libgcc.a(_arm_fixunsdfsi.o)
 .ARM.attributes
                0x0000034d       0x22 C:/ST/STM32CubeCLT_1.16.0/GNU-tools-for-STM32/bin/../lib/gcc/arm-none-eabi/12.3.1/thumb/v7e-m+fp/hard\libgcc.a(_aeabi_uldivmod.o)
 .ARM.attributes
                0x0000036f       0x34 C:/ST/STM32CubeCLT_1.16.0/GNU-tools-for-STM32/bin/../lib/gcc/arm-none-eabi/12.3.1/thumb/v7e-m+fp/hard\libgcc.a(_udivmoddi4.o)
 .ARM.attributes
                0x000003a3       0x22 C:/ST/STM32CubeCLT_1.16.0/GNU-tools-for-STM32/bin/../lib/gcc/arm-none-eabi/12.3.1/thumb/v7e-m+fp/hard\libgcc.a(_dvmd_tls.o)
 .ARM.attributes
                0x000003c5       0x22 C:/ST/STM32CubeCLT_1.16.0/GNU-tools-for-STM32/bin/../lib/gcc/arm-none-eabi/12.3.1/thumb/v7e-m+fp/hard/crtn.o
OUTPUT(Proj_Ok.elf elf32-littlearm)
LOAD linker stubs
LOAD C:/ST/STM32CubeCLT_1.16.0/GNU-tools-for-STM32/bin/../lib/gcc/arm-none-eabi/12.3.1/../../../../arm-none-eabi/lib/thumb/v7e-m+fp/hard\libc.a
LOAD C:/ST/STM32CubeCLT_1.16.0/GNU-tools-for-STM32/bin/../lib/gcc/arm-none-eabi/12.3.1/../../../../arm-none-eabi/lib/thumb/v7e-m+fp/hard\libm.a
LOAD C:/ST/STM32CubeCLT_1.16.0/GNU-tools-for-STM32/bin/../lib/gcc/arm-none-eabi/12.3.1/thumb/v7e-m+fp/hard\libgcc.a

.debug_frame    0x00000000     0x2810
 .debug_frame   0x00000000       0x20 C:/ST/STM32CubeCLT_1.16.0/GNU-tools-for-STM32/bin/../lib/gcc/arm-none-eabi/12.3.1/../../../../arm-none-eabi/lib/thumb/v7e-m+fp/hard\libc_nano.a(libc_a-memset.o)
 .debug_frame   0x00000020       0x2c C:/ST/STM32CubeCLT_1.16.0/GNU-tools-for-STM32/bin/../lib/gcc/arm-none-eabi/12.3.1/../../../../arm-none-eabi/lib/thumb/v7e-m+fp/hard\libc_nano.a(libc_a-init.o)
 .debug_frame   0x0000004c       0xb4 CMakeFiles/Proj_Ok.dir/Core/Src/main.c.obj
 .debug_frame   0x00000100      0x104 CMakeFiles/Proj_Ok.dir/Core/Src/stm32f4xx_it.c.obj
 .debug_frame   0x00000204       0x88 CMakeFiles/Proj_Ok.dir/Core/Src/stm32f4xx_hal_msp.c.obj
 .debug_frame   0x0000028c     0x11b8 CMakeFiles/Proj_Ok.dir/Drivers/STM32F4xx_HAL_Driver/Src/stm32f4xx_hal_tim.c.obj
 .debug_frame   0x00001444      0x638 CMakeFiles/Proj_Ok.dir/Drivers/STM32F4xx_HAL_Driver/Src/stm32f4xx_hal_tim_ex.c.obj
 .debug_frame   0x00001a7c      0x1f4 CMakeFiles/Proj_Ok.dir/Drivers/STM32F4xx_HAL_Driver/Src/stm32f4xx_hal_rcc.c.obj
 .debug_frame   0x00001c70      0x14c CMakeFiles/Proj_Ok.dir/Drivers/STM32F4xx_HAL_Driver/Src/stm32f4xx_hal_gpio.c.obj
 .debug_frame   0x00001dbc      0x508 CMakeFiles/Proj_Ok.dir/Drivers/STM32F4xx_HAL_Driver/Src/stm32f4xx_hal_cortex.c.obj
 .debug_frame   0x000022c4      0x374 CMakeFiles/Proj_Ok.dir/Drivers/STM32F4xx_HAL_Driver/Src/stm32f4xx_hal.c.obj
 .debug_frame   0x00002638       0x58 CMakeFiles/Proj_Ok.dir/Core/Src/system_stm32f4xx.c.obj
 .debug_frame   0x00002690       0xac C:/ST/STM32CubeCLT_1.16.0/GNU-tools-for-STM32/bin/../lib/gcc/arm-none-eabi/12.3.1/thumb/v7e-m+fp/hard\libgcc.a(_arm_addsubdf3.o)
 .debug_frame   0x0000273c       0x50 C:/ST/STM32CubeCLT_1.16.0/GNU-tools-for-STM32/bin/../lib/gcc/arm-none-eabi/12.3.1/thumb/v7e-m+fp/hard\libgcc.a(_arm_muldivdf3.o)
 .debug_frame   0x0000278c       0x24 C:/ST/STM32CubeCLT_1.16.0/GNU-tools-for-STM32/bin/../lib/gcc/arm-none-eabi/12.3.1/thumb/v7e-m+fp/hard\libgcc.a(_arm_fixunsdfsi.o)
 .debug_frame   0x000027b0       0x2c C:/ST/STM32CubeCLT_1.16.0/GNU-tools-for-STM32/bin/../lib/gcc/arm-none-eabi/12.3.1/thumb/v7e-m+fp/hard\libgcc.a(_aeabi_uldivmod.o)
 .debug_frame   0x000027dc       0x34 C:/ST/STM32CubeCLT_1.16.0/GNU-tools-for-STM32/bin/../lib/gcc/arm-none-eabi/12.3.1/thumb/v7e-m+fp/hard\libgcc.a(_udivmoddi4.o)

.debug_info     0x00000000     0x8165
 .debug_info    0x00000000      0xe2b CMakeFiles/Proj_Ok.dir/Core/Src/main.c.obj
 .debug_info    0x00000e2b      0x112 CMakeFiles/Proj_Ok.dir/Core/Src/stm32f4xx_it.c.obj
 .debug_info    0x00000f3d      0x8a7 CMakeFiles/Proj_Ok.dir/Core/Src/stm32f4xx_hal_msp.c.obj
 .debug_info    0x000017e4     0x2996 CMakeFiles/Proj_Ok.dir/Drivers/STM32F4xx_HAL_Driver/Src/stm32f4xx_hal_tim.c.obj
 .debug_info    0x0000417a     0x14d4 CMakeFiles/Proj_Ok.dir/Drivers/STM32F4xx_HAL_Driver/Src/stm32f4xx_hal_tim_ex.c.obj
 .debug_info    0x0000564e      0x8f0 CMakeFiles/Proj_Ok.dir/Drivers/STM32F4xx_HAL_Driver/Src/stm32f4xx_hal_rcc.c.obj
 .debug_info    0x00005f3e      0x6f9 CMakeFiles/Proj_Ok.dir/Drivers/STM32F4xx_HAL_Driver/Src/stm32f4xx_hal_gpio.c.obj
 .debug_info    0x00006637      0xcfc CMakeFiles/Proj_Ok.dir/Drivers/STM32F4xx_HAL_Driver/Src/stm32f4xx_hal_cortex.c.obj
 .debug_info    0x00007333      0x8c4 CMakeFiles/Proj_Ok.dir/Drivers/STM32F4xx_HAL_Driver/Src/stm32f4xx_hal.c.obj
 .debug_info    0x00007bf7      0x53e CMakeFiles/Proj_Ok.dir/Core/Src/system_stm32f4xx.c.obj
 .debug_info    0x00008135       0x30 CMakeFiles/Proj_Ok.dir/startup_stm32f411xe.s.obj

.debug_abbrev   0x00000000     0x14c0
 .debug_abbrev  0x00000000      0x25b CMakeFiles/Proj_Ok.dir/Core/Src/main.c.obj
 .debug_abbrev  0x0000025b       0x73 CMakeFiles/Proj_Ok.dir/Core/Src/stm32f4xx_it.c.obj
 .debug_abbrev  0x000002ce      0x1a2 CMakeFiles/Proj_Ok.dir/Core/Src/stm32f4xx_hal_msp.c.obj
 .debug_abbrev  0x00000470      0x28b CMakeFiles/Proj_Ok.dir/Drivers/STM32F4xx_HAL_Driver/Src/stm32f4xx_hal_tim.c.obj
 .debug_abbrev  0x000006fb      0x296 CMakeFiles/Proj_Ok.dir/Drivers/STM32F4xx_HAL_Driver/Src/stm32f4xx_hal_tim_ex.c.obj
 .debug_abbrev  0x00000991      0x2b6 CMakeFiles/Proj_Ok.dir/Drivers/STM32F4xx_HAL_Driver/Src/stm32f4xx_hal_rcc.c.obj
 .debug_abbrev  0x00000c47      0x1d3 CMakeFiles/Proj_Ok.dir/Drivers/STM32F4xx_HAL_Driver/Src/stm32f4xx_hal_gpio.c.obj
 .debug_abbrev  0x00000e1a      0x31d CMakeFiles/Proj_Ok.dir/Drivers/STM32F4xx_HAL_Driver/Src/stm32f4xx_hal_cortex.c.obj
 .debug_abbrev  0x00001137      0x24b CMakeFiles/Proj_Ok.dir/Drivers/STM32F4xx_HAL_Driver/Src/stm32f4xx_hal.c.obj
 .debug_abbrev  0x00001382      0x11a CMakeFiles/Proj_Ok.dir/Core/Src/system_stm32f4xx.c.obj
 .debug_abbrev  0x0000149c       0x24 CMakeFiles/Proj_Ok.dir/startup_stm32f411xe.s.obj

.debug_aranges  0x00000000      0x958
 .debug_aranges
                0x00000000       0x40 CMakeFiles/Proj_Ok.dir/Core/Src/main.c.obj
 .debug_aranges
                0x00000040       0x60 CMakeFiles/Proj_Ok.dir/Core/Src/stm32f4xx_it.c.obj
 .debug_aranges
                0x000000a0       0x30 CMakeFiles/Proj_Ok.dir/Core/Src/stm32f4xx_hal_msp.c.obj
 .debug_aranges
                0x000000d0      0x3d0 CMakeFiles/Proj_Ok.dir/Drivers/STM32F4xx_HAL_Driver/Src/stm32f4xx_hal_tim.c.obj
 .debug_aranges
                0x000004a0      0x168 CMakeFiles/Proj_Ok.dir/Drivers/STM32F4xx_HAL_Driver/Src/stm32f4xx_hal_tim_ex.c.obj
 .debug_aranges
                0x00000608       0x88 CMakeFiles/Proj_Ok.dir/Drivers/STM32F4xx_HAL_Driver/Src/stm32f4xx_hal_rcc.c.obj
 .debug_aranges
                0x00000690       0x58 CMakeFiles/Proj_Ok.dir/Drivers/STM32F4xx_HAL_Driver/Src/stm32f4xx_hal_gpio.c.obj
 .debug_aranges
                0x000006e8      0x130 CMakeFiles/Proj_Ok.dir/Drivers/STM32F4xx_HAL_Driver/Src/stm32f4xx_hal_cortex.c.obj
 .debug_aranges
                0x00000818       0xf0 CMakeFiles/Proj_Ok.dir/Drivers/STM32F4xx_HAL_Driver/Src/stm32f4xx_hal.c.obj
 .debug_aranges
                0x00000908       0x28 CMakeFiles/Proj_Ok.dir/Core/Src/system_stm32f4xx.c.obj
 .debug_aranges
                0x00000930       0x28 CMakeFiles/Proj_Ok.dir/startup_stm32f411xe.s.obj

.debug_rnglists
                0x00000000      0x737
 .debug_rnglists
                0x00000000       0x2f CMakeFiles/Proj_Ok.dir/Core/Src/main.c.obj
 .debug_rnglists
                0x0000002f       0x43 CMakeFiles/Proj_Ok.dir/Core/Src/stm32f4xx_it.c.obj
 .debug_rnglists
                0x00000072       0x1f CMakeFiles/Proj_Ok.dir/Core/Src/stm32f4xx_hal_msp.c.obj
 .debug_rnglists
                0x00000091      0x31a CMakeFiles/Proj_Ok.dir/Drivers/STM32F4xx_HAL_Driver/Src/stm32f4xx_hal_tim.c.obj
 .debug_rnglists
                0x000003ab      0x125 CMakeFiles/Proj_Ok.dir/Drivers/STM32F4xx_HAL_Driver/Src/stm32f4xx_hal_tim_ex.c.obj
 .debug_rnglists
                0x000004d0       0x66 CMakeFiles/Proj_Ok.dir/Drivers/STM32F4xx_HAL_Driver/Src/stm32f4xx_hal_rcc.c.obj
 .debug_rnglists
                0x00000536       0x3f CMakeFiles/Proj_Ok.dir/Drivers/STM32F4xx_HAL_Driver/Src/stm32f4xx_hal_gpio.c.obj
 .debug_rnglists
                0x00000575       0xe0 CMakeFiles/Proj_Ok.dir/Drivers/STM32F4xx_HAL_Driver/Src/stm32f4xx_hal_cortex.c.obj
 .debug_rnglists
                0x00000655       0xaf CMakeFiles/Proj_Ok.dir/Drivers/STM32F4xx_HAL_Driver/Src/stm32f4xx_hal.c.obj
 .debug_rnglists
                0x00000704       0x1a CMakeFiles/Proj_Ok.dir/Core/Src/system_stm32f4xx.c.obj
 .debug_rnglists
                0x0000071e       0x19 CMakeFiles/Proj_Ok.dir/startup_stm32f411xe.s.obj

.debug_macro    0x00000000    0x150ef
 .debug_macro   0x00000000      0x1e6 CMakeFiles/Proj_Ok.dir/Core/Src/main.c.obj
 .debug_macro   0x000001e6      0xab4 CMakeFiles/Proj_Ok.dir/Core/Src/main.c.obj
 .debug_macro   0x00000c9a      0x295 CMakeFiles/Proj_Ok.dir/Core/Src/main.c.obj
 .debug_macro   0x00000f2f       0x2e CMakeFiles/Proj_Ok.dir/Core/Src/main.c.obj
 .debug_macro   0x00000f5d       0x28 CMakeFiles/Proj_Ok.dir/Core/Src/main.c.obj
 .debug_macro   0x00000f85       0x22 CMakeFiles/Proj_Ok.dir/Core/Src/main.c.obj
 .debug_macro   0x00000fa7       0x8e CMakeFiles/Proj_Ok.dir/Core/Src/main.c.obj
 .debug_macro   0x00001035       0x51 CMakeFiles/Proj_Ok.dir/Core/Src/main.c.obj
 .debug_macro   0x00001086      0x103 CMakeFiles/Proj_Ok.dir/Core/Src/main.c.obj
 .debug_macro   0x00001189       0x6a CMakeFiles/Proj_Ok.dir/Core/Src/main.c.obj
 .debug_macro   0x000011f3      0x1df CMakeFiles/Proj_Ok.dir/Core/Src/main.c.obj
 .debug_macro   0x000013d2       0x1c CMakeFiles/Proj_Ok.dir/Core/Src/main.c.obj
 .debug_macro   0x000013ee       0x22 CMakeFiles/Proj_Ok.dir/Core/Src/main.c.obj
 .debug_macro   0x00001410       0xfb CMakeFiles/Proj_Ok.dir/Core/Src/main.c.obj
 .debug_macro   0x0000150b     0x1011 CMakeFiles/Proj_Ok.dir/Core/Src/main.c.obj
 .debug_macro   0x0000251c      0x11f CMakeFiles/Proj_Ok.dir/Core/Src/main.c.obj
 .debug_macro   0x0000263b     0xb953 CMakeFiles/Proj_Ok.dir/Core/Src/main.c.obj
 .debug_macro   0x0000df8e       0x6d CMakeFiles/Proj_Ok.dir/Core/Src/main.c.obj
 .debug_macro   0x0000dffb     0x369a CMakeFiles/Proj_Ok.dir/Core/Src/main.c.obj
 .debug_macro   0x00011695      0x189 CMakeFiles/Proj_Ok.dir/Core/Src/main.c.obj
 .debug_macro   0x0001181e       0x5c CMakeFiles/Proj_Ok.dir/Core/Src/main.c.obj
 .debug_macro   0x0001187a      0x45c CMakeFiles/Proj_Ok.dir/Core/Src/main.c.obj
 .debug_macro   0x00011cd6      0x9e9 CMakeFiles/Proj_Ok.dir/Core/Src/main.c.obj
 .debug_macro   0x000126bf      0x115 CMakeFiles/Proj_Ok.dir/Core/Src/main.c.obj
 .debug_macro   0x000127d4      0x11b CMakeFiles/Proj_Ok.dir/Core/Src/main.c.obj
 .debug_macro   0x000128ef       0xa5 CMakeFiles/Proj_Ok.dir/Core/Src/main.c.obj
 .debug_macro   0x00012994      0x15f CMakeFiles/Proj_Ok.dir/Core/Src/main.c.obj
 .debug_macro   0x00012af3      0x287 CMakeFiles/Proj_Ok.dir/Core/Src/main.c.obj
 .debug_macro   0x00012d7a       0x5f CMakeFiles/Proj_Ok.dir/Core/Src/main.c.obj
 .debug_macro   0x00012dd9      0x236 CMakeFiles/Proj_Ok.dir/Core/Src/main.c.obj
 .debug_macro   0x0001300f      0x132 CMakeFiles/Proj_Ok.dir/Core/Src/main.c.obj
 .debug_macro   0x00013141      0x264 CMakeFiles/Proj_Ok.dir/Core/Src/main.c.obj
 .debug_macro   0x000133a5       0x2e CMakeFiles/Proj_Ok.dir/Core/Src/main.c.obj
 .debug_macro   0x000133d3      0x127 CMakeFiles/Proj_Ok.dir/Core/Src/main.c.obj
 .debug_macro   0x000134fa       0x85 CMakeFiles/Proj_Ok.dir/Core/Src/main.c.obj
 .debug_macro   0x0001357f       0x89 CMakeFiles/Proj_Ok.dir/Core/Src/main.c.obj
 .debug_macro   0x00013608      0x8ed CMakeFiles/Proj_Ok.dir/Core/Src/main.c.obj
 .debug_macro   0x00013ef5       0x47 CMakeFiles/Proj_Ok.dir/Core/Src/main.c.obj
 .debug_macro   0x00013f3c      0x126 CMakeFiles/Proj_Ok.dir/Core/Src/main.c.obj
 .debug_macro   0x00014062      0x1d8 CMakeFiles/Proj_Ok.dir/Core/Src/stm32f4xx_it.c.obj
 .debug_macro   0x0001423a      0x1ce CMakeFiles/Proj_Ok.dir/Core/Src/stm32f4xx_hal_msp.c.obj
 .debug_macro   0x00014408      0x1c5 CMakeFiles/Proj_Ok.dir/Drivers/STM32F4xx_HAL_Driver/Src/stm32f4xx_hal_tim.c.obj
 .debug_macro   0x000145cd      0x1c4 CMakeFiles/Proj_Ok.dir/Drivers/STM32F4xx_HAL_Driver/Src/stm32f4xx_hal_tim_ex.c.obj
 .debug_macro   0x00014791      0x1e8 CMakeFiles/Proj_Ok.dir/Drivers/STM32F4xx_HAL_Driver/Src/stm32f4xx_hal_rcc.c.obj
 .debug_macro   0x00014979      0x1ca CMakeFiles/Proj_Ok.dir/Drivers/STM32F4xx_HAL_Driver/Src/stm32f4xx_hal_gpio.c.obj
 .debug_macro   0x00014b43      0x1c4 CMakeFiles/Proj_Ok.dir/Drivers/STM32F4xx_HAL_Driver/Src/stm32f4xx_hal_cortex.c.obj
 .debug_macro   0x00014d07      0x224 CMakeFiles/Proj_Ok.dir/Drivers/STM32F4xx_HAL_Driver/Src/stm32f4xx_hal.c.obj
 .debug_macro   0x00014f2b      0x1c4 CMakeFiles/Proj_Ok.dir/Core/Src/system_stm32f4xx.c.obj

.debug_line     0x00000000     0xa1ab
 .debug_line    0x00000000      0x93c CMakeFiles/Proj_Ok.dir/Core/Src/main.c.obj
 .debug_line    0x0000093c      0x819 CMakeFiles/Proj_Ok.dir/Core/Src/stm32f4xx_it.c.obj
 .debug_line    0x00001155      0x78f CMakeFiles/Proj_Ok.dir/Core/Src/stm32f4xx_hal_msp.c.obj
 .debug_line    0x000018e4     0x35c2 CMakeFiles/Proj_Ok.dir/Drivers/STM32F4xx_HAL_Driver/Src/stm32f4xx_hal_tim.c.obj
 .debug_line    0x00004ea6     0x19d5 CMakeFiles/Proj_Ok.dir/Drivers/STM32F4xx_HAL_Driver/Src/stm32f4xx_hal_tim_ex.c.obj
 .debug_line    0x0000687b      0xdcd CMakeFiles/Proj_Ok.dir/Drivers/STM32F4xx_HAL_Driver/Src/stm32f4xx_hal_rcc.c.obj
 .debug_line    0x00007648      0xb94 CMakeFiles/Proj_Ok.dir/Drivers/STM32F4xx_HAL_Driver/Src/stm32f4xx_hal_gpio.c.obj
 .debug_line    0x000081dc      0xd36 CMakeFiles/Proj_Ok.dir/Drivers/STM32F4xx_HAL_Driver/Src/stm32f4xx_hal_cortex.c.obj
 .debug_line    0x00008f12      0xa44 CMakeFiles/Proj_Ok.dir/Drivers/STM32F4xx_HAL_Driver/Src/stm32f4xx_hal.c.obj
 .debug_line    0x00009956      0x7db CMakeFiles/Proj_Ok.dir/Core/Src/system_stm32f4xx.c.obj
 .debug_line    0x0000a131       0x7a CMakeFiles/Proj_Ok.dir/startup_stm32f411xe.s.obj

.debug_str      0x00000000    0x8801e
 .debug_str     0x00000000    0x85898 CMakeFiles/Proj_Ok.dir/Core/Src/main.c.obj
                              0x85bc3 (size before relaxing)
 .debug_str     0x00085898       0xff CMakeFiles/Proj_Ok.dir/Core/Src/stm32f4xx_it.c.obj
                              0x851d3 (size before relaxing)
 .debug_str     0x00085997       0x98 CMakeFiles/Proj_Ok.dir/Core/Src/stm32f4xx_hal_msp.c.obj
                              0x857b6 (size before relaxing)
 .debug_str     0x00085a2f      0xe4f CMakeFiles/Proj_Ok.dir/Drivers/STM32F4xx_HAL_Driver/Src/stm32f4xx_hal_tim.c.obj
                              0x86687 (size before relaxing)
 .debug_str     0x0008687e      0x4c9 CMakeFiles/Proj_Ok.dir/Drivers/STM32F4xx_HAL_Driver/Src/stm32f4xx_hal_tim_ex.c.obj
                              0x85e93 (size before relaxing)
 .debug_str     0x00086d47      0x2eb CMakeFiles/Proj_Ok.dir/Drivers/STM32F4xx_HAL_Driver/Src/stm32f4xx_hal_rcc.c.obj
                              0x85743 (size before relaxing)
 .debug_str     0x00087032      0x143 CMakeFiles/Proj_Ok.dir/Drivers/STM32F4xx_HAL_Driver/Src/stm32f4xx_hal_gpio.c.obj
                              0x8548a (size before relaxing)
 .debug_str     0x00087175      0x814 CMakeFiles/Proj_Ok.dir/Drivers/STM32F4xx_HAL_Driver/Src/stm32f4xx_hal_cortex.c.obj
                              0x85aa5 (size before relaxing)
 .debug_str     0x00087989      0x5aa CMakeFiles/Proj_Ok.dir/Drivers/STM32F4xx_HAL_Driver/Src/stm32f4xx_hal.c.obj
                              0x85d3b (size before relaxing)
 .debug_str     0x00087f33       0x80 CMakeFiles/Proj_Ok.dir/Core/Src/system_stm32f4xx.c.obj
                              0x8530f (size before relaxing)
 .debug_str     0x00087fb3       0x6b CMakeFiles/Proj_Ok.dir/startup_stm32f411xe.s.obj
                                 0xb0 (size before relaxing)

.comment        0x00000000       0x43
 .comment       0x00000000       0x43 CMakeFiles/Proj_Ok.dir/Core/Src/main.c.obj
                                 0x44 (size before relaxing)
 .comment       0x00000043       0x44 CMakeFiles/Proj_Ok.dir/Core/Src/stm32f4xx_it.c.obj
 .comment       0x00000043       0x44 CMakeFiles/Proj_Ok.dir/Core/Src/stm32f4xx_hal_msp.c.obj
 .comment       0x00000043       0x44 CMakeFiles/Proj_Ok.dir/Drivers/STM32F4xx_HAL_Driver/Src/stm32f4xx_hal_tim.c.obj
 .comment       0x00000043       0x44 CMakeFiles/Proj_Ok.dir/Drivers/STM32F4xx_HAL_Driver/Src/stm32f4xx_hal_tim_ex.c.obj
 .comment       0x00000043       0x44 CMakeFiles/Proj_Ok.dir/Drivers/STM32F4xx_HAL_Driver/Src/stm32f4xx_hal_rcc.c.obj
 .comment       0x00000043       0x44 CMakeFiles/Proj_Ok.dir/Drivers/STM32F4xx_HAL_Driver/Src/stm32f4xx_hal_gpio.c.obj
 .comment       0x00000043       0x44 CMakeFiles/Proj_Ok.dir/Drivers/STM32F4xx_HAL_Driver/Src/stm32f4xx_hal_cortex.c.obj
 .comment       0x00000043       0x44 CMakeFiles/Proj_Ok.dir/Drivers/STM32F4xx_HAL_Driver/Src/stm32f4xx_hal.c.obj
 .comment       0x00000043       0x44 CMakeFiles/Proj_Ok.dir/Core/Src/system_stm32f4xx.c.obj

.debug_line_str
                0x00000000       0x94
 .debug_line_str
                0x00000000       0x94 CMakeFiles/Proj_Ok.dir/startup_stm32f411xe.s.obj
